usage: gvm-test-cli ssh [-h] [-c [CONFIG]]
                        [--log [{DEBUG,INFO,WARNING,ERROR,CRITICAL}]]
                        [--timeout TIMEOUT] [--gmp-username GMP_USERNAME]
                        [--gmp-password GMP_PASSWORD] [-V] --hostname HOSTNAME
                        [--port PORT] [--ssh-username SSH_USERNAME]
                        [--ssh-password SSH_PASSWORD]

optional arguments:
  -h, --help            show this help message and exit
  -c [CONFIG], --config [CONFIG]
                        Configuration file path (default: ~/.config/gvm-
                        tools.conf)
  --log [{DEBUG,INFO,WARNING,ERROR,CRITICAL}]
                        Activate logging (default level: None)
  --timeout TIMEOUT     Response timeout in seconds, or -1 to wait
                        indefinitely (default: 60)
  --gmp-username GMP_USERNAME
                        Username for GMP service (default: None)
  --gmp-password GMP_PASSWORD
                        Password for GMP service (default: None)
  -V, --version         Show version information and exit
  --hostname HOSTNAME   Hostname or IP address
  --port PORT           SSH port (default: None)
  --ssh-username SSH_USERNAME
                        SSH username (default: None)
  --ssh-password SSH_PASSWORD
                        SSH password (default: None)
